  · fonte 'ai_office' (timeout 150s, subprocesso isolado)
    → status=falha · itens=0 · consultados=0 · canais_ok=0 · canais_falhos=5
  · fonte 'eurlex' (timeout 150s, subprocesso isolado)
    → status=parcial · itens=0 · consultados=100 · canais_ok=1 · canais_falhos=3
  · fonte 'eu_council' (timeout 150s, subprocesso isolado)
    → status=falha · itens=0 · consultados=0 · canais_ok=0 · canais_falhos=3
  · fonte 'eu_commission' (timeout 150s, subprocesso isolado)
    → status=parcial · itens=1 · consultados=10 · canais_ok=1 · canais_falhos=3
  · fonte 'eu_parliament' (timeout 150s, subprocesso isolado)
    → status=falha · itens=0 · consultados=0 · canais_ok=0 · canais_falhos=5
  · fonte 'edpb' (timeout 150s, subprocesso isolado)
    → status=ok · itens=10 · consultados=10 · canais_ok=1 · canais_falhos=0
  · fonte 'edps' (timeout 150s, subprocesso isolado)
    → status=falha · itens=0 · consultados=0 · canais_ok=0 · canais_falhos=3
[ai_office] European AI Office — Comissão Europeia (digital-strategy)
  status: falha · duração 1.1s
  itens consultados: 0 · relevantes: 0 · descartados (tema): 0
  canais ok: —
  canais com falha: notícias e comunicados do portal, página da AI Office (políticas e ações), AI Act — quadro regulatório e implementação, General-Purpose AI — página oficial, AI Act — página do serviço
  erro: notícias e comunicados do portal: ModuleNotFoundError: No module named 'eu_parsers'; página da AI Office (políticas e ações): ModuleNotFoundError: No module named 'eu_parsers'; AI Act — quadro regulatório e implementação: ModuleNotFoundError: No module named 'eu_parsers'; General-Purpose AI — página oficial: ModuleNotFoundError: No module named 'eu_parsers'
[eurlex] EUR-Lex — Jornal Oficial da União Europeia (Publications Office)
  status: parcial · duração 4.8s
  itens consultados: 100 · relevantes: 0 · descartados (tema): 1
  canais ok: atos do Jornal Oficial — série L (RSS oficial)
  canais com falha: busca por tema (legislação do ano corrente), busca por tema (legislação do ano anterior), AI Act — versão consolidada (ato âncora)
  erro: busca por tema (legislação do ano corrente): ModuleNotFoundError: No module named 'eu_parsers'; busca por tema (legislação do ano anterior): ModuleNotFoundError: No module named 'eu_parsers'; AI Act — versão consolidada (ato âncora): ModuleNotFoundError: No module named 'eu_parsers'
[eu_council] Conselho da UE — Registro público de documentos
  status: falha · duração 0.6s
  itens consultados: 0 · relevantes: 0 · descartados (tema): 0
  canais ok: —
  canais com falha: últimos documentos adicionados ao registro, últimos documentos (página 2), documentos legislativos preparatórios (página 1)
  erro: últimos documentos adicionados ao registro: HTML indisponível: https://www.consilium.europa.eu/en/documents/public-register/latest/ (HTTP 403); últimos documentos (página 2): HTML indisponível: https://www.consilium.europa.eu/en/documents/public-register/latest/?page=2 (HTTP 403); documentos legislativos preparatórios (página 1): HTML indisponível: https://www.consilium.europa.eu/en/documents/publ
[eu_commission] Comissão Europeia — Press Corner e Have Your Say
  status: parcial · duração 2.0s
  itens consultados: 10 · relevantes: 1 · descartados (tema): 9
  canais ok: comunicados oficiais (Press Corner, RSS)
  canais com falha: consultas públicas e calls for evidence (Have Your Say), consultas públicas (Have Your Say, página 2), consultas por tema (Have Your Say, keywords)
  erro: consultas públicas e calls for evidence (Have Your Say): ModuleNotFoundError: No module named 'eu_parsers'; consultas públicas (Have Your Say, página 2): ModuleNotFoundError: No module named 'eu_parsers'; consultas por tema (Have Your Say, keywords): ModuleNotFoundError: No module named 'eu_parsers'
    - [2026-09-17] (comunicado, forte) Speech by Executive Vice-President Teresa Ribera at Fordham's 53rd Annual Conference “Building a democratic, c
      https://ec.europa.eu/commission/presscorner/detail/en/speech_26_1898
[eu_parliament] Parlamento Europeu — Open Data Portal v2 / Legislative Train
  status: falha · duração 11.0s
  itens consultados: 0 · relevantes: 0 · descartados (tema): 0
  canais ok: —
  canais com falha: API v2 — procedimentos do termo parlamentar corrente, API v2 — procedimentos de IA (busca por texto), Legislative Train — Europe fit for the digital age, Legislative Train — unicidade e poderes de execução, sala de imprensa — por tema
  erro: API v2 — procedimentos do termo parlamentar corrente: ModuleNotFoundError: No module named 'eu_parsers'; API v2 — procedimentos de IA (busca por texto): JSON indisponível: https://data.europarl.europa.eu/api/v2/procedures?text=artificial%20intelligence&limit=25&format=application/ld%2Bjson; Legislative Train — Europe fit for the digital age: ModuleNotFoundError: No module named 'eu_parsers'; Legis
[edpb] EDPB — European Data Protection Board
  status: ok · duração 0.9s
  itens consultados: 10 · relevantes: 10 · descartados (tema): 0
  canais ok: notícias e guidelines (RSS oficial)
    - [2026-09-11] (orientacao, forte) Failure to respect the rights of individuals: The CNIL fined EXTIA 300 000 EUR
      https://www.edpb.europa.eu/news/failure-to-respect-the-rights-of-individuals-the-cnil-fined-extia-300-000-eur_en
    - [2026-09-09] (orientacao, forte) Health data breach: the CNIL fined Hôpital Privé de la Loire 500 000 EUR
      https://www.edpb.europa.eu/news/health-data-breach-the-cnil-fined-hopital-prive-de-la-loire-500-000-eur_en
    - [2026-09-03] (orientacao, forte) Data Protection Commission announces Final Decision following Inquiry into the Health Service Executive (HSE)
      https://www.edpb.europa.eu/news/data-protection-commission-announces-final-decision-following-inquiry-into-the-health-service_en
    - [2026-07-30] (orientacao, forte) Stakeholder event on guidelines on the interplay between data protection and competition law: overview of topi
      https://www.edpb.europa.eu/news/stakeholder-event-on-guidelines-on-the-interplay-between-data-protection-and-competition-law-0_en
    - [2026-07-23] (orientacao, forte) Stakeholder event on guidelines on the interplay between data protection and competition law: save the date
      https://www.edpb.europa.eu/news/stakeholder-event-on-guidelines-on-the-interplay-between-data-protection-and-competition-law_en
    - [2026-07-17] (orientacao, forte) EDPB calls for legal basis for cross-regulatory information sharing
      https://www.edpb.europa.eu/news/edpb-calls-for-legal-basis-for-cross-regulatory-information-sharing_en
    - [2026-07-14] (orientacao, forte) EDPB requires Belgian DPA to handle the merits of NOYB cookie banner complaint
      https://www.edpb.europa.eu/news/edpb-requires-belgian-dpa-to-handle-the-merits-of-noyb-cookie-banner-complaint_en
    - [2026-07-08] (orientacao, forte) EDPB sheds light on anonymisation and web scraping for generative AI and adopts final version of guidelines on
      https://www.edpb.europa.eu/news/edpb-sheds-light-on-anonymisation-and-web-scraping-for-generative-ai-and-adopts-final-version_en
    - [2026-07-01] (orientacao, forte) EDPB and AMLA to develop Joint Guidelines on partnerships for information sharing
      https://www.edpb.europa.eu/news/edpb-and-amla-to-develop-joint-guidelines-on-partnerships-for-information-sharing_en
    - [2026-06-25] (orientacao, forte) One-Stop-Shop case digest on right to object and right to erasure updated
      https://www.edpb.europa.eu/news/one-stop-shop-case-digest-on-right-to-object-and-right-to-erasure-updated_en
[edps] EDPS — European Data Protection Supervisor
  status: falha · duração 1.2s
  itens consultados: 0 · relevantes: 0 · descartados (tema): 0
  canais ok: —
  canais com falha: press releases (listagem oficial), notícias oficiais (listagem), publicações (opiniões e guidelines)
  erro: press releases (listagem oficial): ModuleNotFoundError: No module named 'eu_parsers'; notícias oficiais (listagem): ModuleNotFoundError: No module named 'eu_parsers'; publicações (opiniões e guidelines): ModuleNotFoundError: No module named 'eu_parsers'; nenhum canal respondeu — press releases (listagem oficial): ModuleNotFoundError: No module named 'eu_parsers'; notícias oficiais (listagem): Modu

relatório: out/fontes_reais.json · status global: PARCIAL
